找到 170 個版面，共 42 期
轉換圖片 170 張 …
  [1/170] 03-1
  [2/170] 03-2
  [3/170] 03-3
  [4/170] 03-4
  [5/170] 03-5
  [6/170] 03-6
  [7/170] 04-1
  [8/170] 04-2
  [9/170] 04-3
  [10/170] 04-4
  [11/170] 05-1
  [12/170] 05-2
  [13/170] 05-3
  [14/170] 05-4
  [15/170] 06-1
  [16/170] 06-2
  [17/170] 06-3
  [18/170] 06-4
  [19/170] 07-1
  [20/170] 07-2
  [21/170] 07-3
  [22/170] 07-4
  [23/170] 08-1
  [24/170] 08-2
  [25/170] 08-3
  [26/170] 08-4
  [27/170] 09-1
  [28/170] 09-2
  [29/170] 09-3
  [30/170] 09-4
  [31/170] 10-1
  [32/170] 10-2
  [33/170] 10-3
  [34/170] 10-4
  [35/170] 11-1
  [36/170] 11-2
  [37/170] 11-3
  [38/170] 11-4
  [39/170] 12-1
  [40/170] 12-2
  [41/170] 12-3
  [42/170] 12-4
  [43/170] 13-1
  [44/170] 13-2
  [45/170] 13-3
  [46/170] 13-4
  [47/170] 14-1
  [48/170] 14-2
  [49/170] 14-3
  [50/170] 14-4
  [51/170] 15-1
  [52/170] 15-2
  [53/170] 15-3
  [54/170] 15-4
  [55/170] 16-1
  [56/170] 16-2
  [57/170] 16-3
  [58/170] 16-4
  [59/170] 17-1
  [60/170] 17-2
  [61/170] 17-3
  [62/170] 17-4
  [63/170] 18-1
  [64/170] 18-2
  [65/170] 18-3
  [66/170] 18-4
  [67/170] 19-1
  [68/170] 19-2
  [69/170] 19-3
  [70/170] 19-4
  [71/170] 20-1
  [72/170] 20-2
  [73/170] 20-3
  [74/170] 20-4
  [75/170] 21-1
  [76/170] 21-2
  [77/170] 21-3
  [78/170] 21-4
  [79/170] 22-1
  [80/170] 22-2
  [81/170] 22-3
  [82/170] 22-4
  [83/170] 23-1
  [84/170] 23-2
  [85/170] 23-3
  [86/170] 23-4
  [87/170] 24-1
  [88/170] 24-2
  [89/170] 24-3
  [90/170] 24-4
  [91/170] 25-1
  [92/170] 25-2
  [93/170] 25-3
  [94/170] 25-4
  [95/170] 26-1
  [96/170] 26-2
  [97/170] 26-3
  [98/170] 26-4
  [99/170] 27-1
  [100/170] 27-2
  [101/170] 27-3
  [102/170] 27-4
  [103/170] 28-1
  [104/170] 28-2
  [105/170] 28-3
  [106/170] 28-4
  [107/170] 29-1
  [108/170] 29-2
  [109/170] 29-3
  [110/170] 29-4
  [111/170] 30-1
  [112/170] 30-2
  [113/170] 30-3
  [114/170] 30-4
  [115/170] 31-1
  [116/170] 31-2
  [117/170] 31-3
  [118/170] 31-4
  [119/170] 32-1
  [120/170] 32-2
  [121/170] 32-3
  [122/170] 32-4
  [123/170] 33-1
  [124/170] 33-2
  [125/170] 33-3
  [126/170] 33-4
  [127/170] 34-1
  [128/170] 34-2
  [129/170] 34-3
  [130/170] 34-4
  [131/170] 35-1
  [132/170] 35-2
  [133/170] 35-3
  [134/170] 35-4
  [135/170] 36-1
  [136/170] 36-2
  [137/170] 36-3
  [138/170] 36-4
  [139/170] 37-1
  [140/170] 37-2
  [141/170] 37-3
  [142/170] 37-4
  [143/170] 38-1
  [144/170] 38-2
  [145/170] 38-3
  [146/170] 38-4
  [147/170] 39-1
  [148/170] 39-2
  [149/170] 39-3
  [150/170] 39-4
  [151/170] 40-1
  [152/170] 40-2
  [153/170] 40-3
  [154/170] 40-4
  [155/170] 41-1
  [156/170] 41-2
  [157/170] 41-3
  [158/170] 41-4
  [159/170] 42-1
  [160/170] 42-2
  [161/170] 42-3
  [162/170] 42-4
  [163/170] 43-1
  [164/170] 43-2
  [165/170] 43-3
  [166/170] 43-4
  [167/170] 44-1
  [168/170] 44-2
  [169/170] 44-3
  [170/170] 44-4
文字辨識 170 張（Windows OCR）…
  已完成 20/170
  已完成 40/170
  已完成 60/170
  已完成 80/170
  已完成 100/170
  已完成 120/170
  已完成 140/170
  已完成 160/170
  已完成 170/170
已輸出 data/issues.js（42 期，170 版）
完成！耗時 305 秒
